// 同步 ID: 3699ee1d @ Wed Jul  8 07:51:39 UTC 2026
// 同步 ID: ad425d46 @ Wed Jul  8 16:15:51 UTC 2026
// 重构日志: 184e9d98
// 同步 ID: e4002e6a @ Tue Jul 14 08:09:49 UTC 2026
// 重构日志: e44672f0
// 同步 ID: f132ba92 @ Mon Jul 20 09:09:17 UTC 2026
// 重构日志: d61e1457
// 重构日志: 9a7ac619
// 同步 ID: 2f2b83f2 @ Sat Jul 25 07:23:55 UTC 2026
// 同步 ID: 405a31b8 @ Sat Jul 25 16:27:52 UTC 2026
// 重构日志: 5fa37826
// 同步 ID: 9d86ab5e @ Tue Aug  4 03:57:37 UTC 2026
// 重构日志: f642ff7f
// 同步 ID: 40eb7b3c @ Wed Aug  5 06:51:01 UTC 2026
// 重构日志: 167a7c72
// 重构日志: 91464a3e
// 重构日志: 09e5f319
// 重构日志: 362c0db5
// 重构日志: cc5100b2
// 重构日志: 874b5b3a
